// Jest Snapshot v1, https://goo.gl/fbAQLP

exports[`ContactInformationCoCustomerContent renders correctly 1`] = `
<div
  className=""
  data-testid="coCustomerContentTestId"
/>
`;
