// Jest Snapshot v1, https://goo.gl/fbAQLP

exports[`TextConversation renders correctly 1`] = `
<div
  className="textConversationRoot"
  data-testid="textConversationDataTestid"
>
  <div
    className="row"
  >
    <div
      data-testid="Typography"
      variant="h4"
    >
      Text Conversation
    </div>
  </div>
  <div
    data-testid="RACCard"
  >
    <div
      className="cardContentContainer"
    >
      <div
        classes={
          Object {
            "tabPanel": "tabPanel",
          }
        }
        contentForTabs={
          Array [
            <TextConversationContent
              onComponentDidMount={[Function]}
            />,
            <TextConversationContent
              onComponentDidMount={[Function]}
            />,
          ]
        }
        data-testid="RACTabs"
        defaultValue={0}
        disabledTabs={Array []}
        icon={
          <Icon
            classes={
              Object {
                "root": "icon",
              }
            }
            onClick={[MockFunction]}
          >
            <FontAwesomeIcon
              icon={
                Object {
                  "icon": Array [
                    512,
                    512,
                    Array [],
                    "f021",
                    "M440.65 12.57l4 82.77A247.16 247.16 0 0 0 255.83 8C134.73 8 33.91 94.92 12.29 209.82A12 12 0 0 0 24.09 224h49.05a12 12 0 0 0 11.67-9.26 175.91 175.91 0 0 1 317-56.94l-101.46-4.86a12 12 0 0 0-12.57 12v47.41a12 12 0 0 0 12 12H500a12 12 0 0 0 12-12V12a12 12 0 0 0-12-12h-47.37a12 12 0 0 0-11.98 12.57zM255.83 432a175.61 175.61 0 0 1-146-77.8l101.8 4.87a12 12 0 0 0 12.57-12v-47.4a12 12 0 0 0-12-12H12a12 12 0 0 0-12 12V500a12 12 0 0 0 12 12h47.35a12 12 0 0 0 12-12.6l-4.15-82.57A247.17 247.17 0 0 0 255.83 504c121.11 0 221.93-86.92 243.55-201.82a12 12 0 0 0-11.8-14.18h-49.05a12 12 0 0 0-11.67 9.26A175.86 175.86 0 0 1 255.83 432z",
                  ],
                  "iconName": "sync",
                  "prefix": "fas",
                }
              }
            />
          </Icon>
        }
      />
    </div>
  </div>
</div>
`;
