// Jest Snapshot v1, https://goo.gl/fbAQLP

exports[`Customer renders correctly 1`] = `
<div
  data-testid="CustomerDetailsProvider"
>
  <div
    data-testid="CustomerBreadcrumb"
  />
  <div
    data-testid="CustomerDetails"
  />
</div>
`;
